[debug] [2026-06-20T18:34:31.202Z] ----------------------------------------------------------------------
[debug] [2026-06-20T18:34:31.207Z] Command:       C:\Program Files\nodejs\node.exe C:\Users\Administrador\AppData\Roaming\npm\node_modules\firebase-tools\lib\bin\firebase.js projects:list
[debug] [2026-06-20T18:34:31.207Z] CLI Version:   15.22.0
[debug] [2026-06-20T18:34:31.207Z] Platform:      win32
[debug] [2026-06-20T18:34:31.208Z] Node Version:  v24.11.1
[debug] [2026-06-20T18:34:31.208Z] Detected Agent: unknown
[debug] [2026-06-20T18:34:31.208Z] Time:          Sat Jun 20 2026 14:34:31 GMT-0400 (hora de verano de Cuba)
[debug] [2026-06-20T18:34:31.209Z] ----------------------------------------------------------------------
[debug] 
[debug] [2026-06-20T18:34:31.212Z] >>> [apiv2][query] GET https://firebase-public.firebaseio.com/cli.json [none]
[debug] [2026-06-20T18:34:31.600Z] > command requires scopes: ["email","openid","https://www.googleapis.com/auth/cloudplatformprojects.readonly","https://www.googleapis.com/auth/firebase","https://www.googleapis.com/auth/cloud-platform"]
[debug] [2026-06-20T18:34:31.600Z] > authorizing via signed-in user (yurkel.saname@gmail.com)
[debug] [2026-06-20T18:34:31.607Z] Checked if tokens are valid: true, expires at: 1781983291110
[debug] [2026-06-20T18:34:31.607Z] Checked if tokens are valid: true, expires at: 1781983291110
[debug] [2026-06-20T18:34:31.607Z] >>> [apiv2][query] GET https://firebase.googleapis.com/v1beta1/projects pageSize=1000
[debug] [2026-06-20T18:34:31.893Z] *** [apiv2] error from fetch(https://firebase-public.firebaseio.com/cli.json, {"headers":{},"method":"GET"}): FetchError: request to https://firebase-public.firebaseio.com/cli.json failed, reason: Client network socket disconnected before secure TLS connection was established
[warn] !  Unable to fetch the CLI MOTD and remote config. This is not a fatal error, but may indicate an issue with your network connection. 
[debug] [2026-06-20T18:34:31.897Z] Failed to fetch MOTD FirebaseError: Failed to make request to https://firebase-public.firebaseio.com/cli.json
[debug] [2026-06-20T18:34:32.253Z] <<< [apiv2][status] GET https://firebase.googleapis.com/v1beta1/projects 403
[debug] [2026-06-20T18:34:32.253Z] <<< [apiv2][body] GET https://firebase.googleapis.com/v1beta1/projects [omitted]
[debug] [2026-06-20T18:34:32.253Z] Unable to parse JSON: SyntaxError: Unexpected token '<', "<!DOCTYPE "... is not valid JSON
[debug] [2026-06-20T18:34:32.673Z] FirebaseError: Unable to parse JSON: SyntaxError: Unexpected token '<', "<!DOCTYPE "... is not valid JSON
    at RetryOperation._fn (C:\Users\Administrador\AppData\Roaming\npm\node_modules\firebase-tools\lib\apiv2.js:300:39)
    at process.processTicksAndRejections (node:internal/process/task_queues:103:5)
[error] 
[error] Error: Failed to list Firebase projects. See firebase-debug.log for more info.
